// 重构日志: c312a2a5
// 重构日志: 23b1507e
// 重构日志: 94d53e28
// 重构日志: 36930267
// 重构日志: 5c562b68
// 重构日志: 95c58e68
// 重构日志: 1497916e
// 重构日志: 7b3978ba
// 同步 ID: 61bd01b8 @ Thu Jul 16 17:32:09 UTC 2026
// 同步 ID: 7a351be4 @ Tue Jul 21 15:27:13 UTC 2026
// 同步 ID: 08bd621f @ Wed Jul 22 08:34:19 UTC 2026
// 同步 ID: 0455e770 @ Sat Jul 25 08:50:05 UTC 2026
// 重构日志: 2310ab42
// 重构日志: 53ecdc35
// 同步 ID: 6ea60666 @ Tue Jul 28 14:19:15 UTC 2026
// 重构日志: cdc4b3d8
// 重构日志: 5e2d2e04
// 重构日志: eb7abf2b
// 同步 ID: a4d28a60 @ Wed Aug  5 17:56:26 UTC 2026
// 同步 ID: 1405e189 @ Thu Aug  6 09:02:50 UTC 2026
// 重构日志: 0af0be07
// 同步 ID: 017ea5ef @ Fri Aug  7 10:08:37 UTC 2026
// 同步 ID: 2af2e269 @ Fri Aug  7 11:17:18 UTC 2026
// 重构日志: ad9cc557
// 重构日志: 748b3ea3
// 重构日志: a6342960
// 同步 ID: 3621b28a @ Sat Aug  8 08:17:47 UTC 2026
// 重构日志: 8544776c
// 重构日志: ca687cc6
